Archive member included to satisfy reference by file (symbol)

/opt/st/stm32cubeide_1.15.0/plugins/com.st.stm32cube.ide.mcu.externaltools.gnu-tools-for-stm32.12.3.rel1.linux64_1.0.100.202403111256/tools/bin/../lib/gcc/arm-none-eabi/12.3.1/../../../../arm-none-eabi/lib/thumb/v7e-m/nofp/libc_nano.a(libc_a-exit.o)
                              /opt/st/stm32cubeide_1.15.0/plugins/com.st.stm32cube.ide.mcu.externaltools.gnu-tools-for-stm32.12.3.rel1.linux64_1.0.100.202403111256/tools/bin/../lib/gcc/arm-none-eabi/12.3.1/../../../../arm-none-eabi/lib/thumb/v7e-m/nofp/crt0.o (exit)
/opt/st/stm32cubeide_1.15.0/plugins/com.st.stm32cube.ide.mcu.externaltools.gnu-tools-for-stm32.12.3.rel1.linux64_1.0.100.202403111256/tools/bin/../lib/gcc/arm-none-eabi/12.3.1/../../../../arm-none-eabi/lib/thumb/v7e-m/nofp/libc_nano.a(libc_a-findfp.o)
                              /opt/st/stm32cubeide_1.15.0/plugins/com.st.stm32cube.ide.mcu.externaltools.gnu-tools-for-stm32.12.3.rel1.linux64_1.0.100.202403111256/tools/bin/../lib/gcc/arm-none-eabi/12.3.1/../../../../arm-none-eabi/lib/thumb/v7e-m/nofp/libc_nano.a(libc_a-exit.o) (__stdio_exit_handler)
/opt/st/stm32cubeide_1.15.0/plugins/com.st.stm32cube.ide.mcu.externaltools.gnu-tools-for-stm32.12.3.rel1.linux64_1.0.100.202403111256/tools/bin/../lib/gcc/arm-none-eabi/12.3.1/../../../../arm-none-eabi/lib/thumb/v7e-m/nofp/libc_nano.a(libc_a-fwalk.o)
                              /opt/st/stm32cubeide_1.15.0/plugins/com.st.stm32cube.ide.mcu.externaltools.gnu-tools-for-stm32.12.3.rel1.linux64_1.0.100.202403111256/tools/bin/../lib/gcc/arm-none-eabi/12.3.1/../../../../arm-none-eabi/lib/thumb/v7e-m/nofp/libc_nano.a(libc_a-findfp.o) (_fwalk_sglue)
/opt/st/stm32cubeide_1.15.0/plugins/com.st.stm32cube.ide.mcu.externaltools.gnu-tools-for-stm32.12.3.rel1.linux64_1.0.100.202403111256/tools/bin/../lib/gcc/arm-none-eabi/12.3.1/../../../../arm-none-eabi/lib/thumb/v7e-m/nofp/libc_nano.a(libc_a-stdio.o)
                              /opt/st/stm32cubeide_1.15.0/plugins/com.st.stm32cube.ide.mcu.externaltools.gnu-tools-for-stm32.12.3.rel1.linux64_1.0.100.202403111256/tools/bin/../lib/gcc/arm-none-eabi/12.3.1/../../../../arm-none-eabi/lib/thumb/v7e-m/nofp/libc_nano.a(libc_a-findfp.o) (__sread)
/opt/st/stm32cubeide_1.15.0/plugins/com.st.stm32cube.ide.mcu.externaltools.gnu-tools-for-stm32.12.3.rel1.linux64_1.0.100.202403111256/tools/bin/../lib/gcc/arm-none-eabi/12.3.1/../../../../arm-none-eabi/lib/thumb/v7e-m/nofp/libc_nano.a(libc_a-memset.o)
                              /opt/st/stm32cubeide_1.15.0/plugins/com.st.stm32cube.ide.mcu.externaltools.gnu-tools-for-stm32.12.3.rel1.linux64_1.0.100.202403111256/tools/bin/../lib/gcc/arm-none-eabi/12.3.1/../../../../arm-none-eabi/lib/thumb/v7e-m/nofp/crt0.o (memset)
/opt/st/stm32cubeide_1.15.0/plugins/com.st.stm32cube.ide.mcu.externaltools.gnu-tools-for-stm32.12.3.rel1.linux64_1.0.100.202403111256/tools/bin/../lib/gcc/arm-none-eabi/12.3.1/../../../../arm-none-eabi/lib/thumb/v7e-m/nofp/libc_nano.a(libc_a-closer.o)
                              /opt/st/stm32cubeide_1.15.0/plugins/com.st.stm32cube.ide.mcu.externaltools.gnu-tools-for-stm32.12.3.rel1.linux64_1.0.100.202403111256/tools/bin/../lib/gcc/arm-none-eabi/12.3.1/../../../../arm-none-eabi/lib/thumb/v7e-m/nofp/libc_nano.a(libc_a-stdio.o) (_close_r)
/opt/st/stm32cubeide_1.15.0/plugins/com.st.stm32cube.ide.mcu.externaltools.gnu-tools-for-stm32.12.3.rel1.linux64_1.0.100.202403111256/tools/bin/../lib/gcc/arm-none-eabi/12.3.1/../../../../arm-none-eabi/lib/thumb/v7e-m/nofp/libc_nano.a(libc_a-reent.o)
                              /opt/st/stm32cubeide_1.15.0/plugins/com.st.stm32cube.ide.mcu.externaltools.gnu-tools-for-stm32.12.3.rel1.linux64_1.0.100.202403111256/tools/bin/../lib/gcc/arm-none-eabi/12.3.1/../../../../arm-none-eabi/lib/thumb/v7e-m/nofp/libc_nano.a(libc_a-closer.o) (errno)
/opt/st/stm32cubeide_1.15.0/plugins/com.st.stm32cube.ide.mcu.externaltools.gnu-tools-for-stm32.12.3.rel1.linux64_1.0.100.202403111256/tools/bin/../lib/gcc/arm-none-eabi/12.3.1/../../../../arm-none-eabi/lib/thumb/v7e-m/nofp/libc_nano.a(libc_a-impure.o)
                              /opt/st/stm32cubeide_1.15.0/plugins/com.st.stm32cube.ide.mcu.externaltools.gnu-tools-for-stm32.12.3.rel1.linux64_1.0.100.202403111256/tools/bin/../lib/gcc/arm-none-eabi/12.3.1/../../../../arm-none-eabi/lib/thumb/v7e-m/nofp/libc_nano.a(libc_a-reent.o) (_impure_ptr)
/opt/st/stm32cubeide_1.15.0/plugins/com.st.stm32cube.ide.mcu.externaltools.gnu-tools-for-stm32.12.3.rel1.linux64_1.0.100.202403111256/tools/bin/../lib/gcc/arm-none-eabi/12.3.1/../../../../arm-none-eabi/lib/thumb/v7e-m/nofp/libc_nano.a(libc_a-lseekr.o)
                              /opt/st/stm32cubeide_1.15.0/plugins/com.st.stm32cube.ide.mcu.externaltools.gnu-tools-for-stm32.12.3.rel1.linux64_1.0.100.202403111256/tools/bin/../lib/gcc/arm-none-eabi/12.3.1/../../../../arm-none-eabi/lib/thumb/v7e-m/nofp/libc_nano.a(libc_a-stdio.o) (_lseek_r)
[...]
Memory Configuration

Name             Origin             Length             Attributes
CCMSRAM          0x10000000         0x00008000         xrw
RAM              0x20000000         0x00020000         xrw
FLASH            0x08000000         0x00080000         xr
*default*        0x00000000         0xffffffff

Linker script and memory map

LOAD /opt/st/stm32cubeide_1.15.0/plugins/com.st.stm32cube.ide.mcu.externaltools.gnu-tools-for-stm32.12.3.rel1.linux64_1.0.100.202403111256/tools/bin/../lib/gcc/arm-none-eabi/12.3.1/thumb/v7e-m/nofp/crti.o
LOAD /opt/st/stm32cubeide_1.15.0/plugins/com.st.stm32cube.ide.mcu.externaltools.gnu-tools-for-stm32.12.3.rel1.linux64_1.0.100.202403111256/tools/bin/../lib/gcc/arm-none-eabi/12.3.1/thumb/v7e-m/nofp/crtbegin.o
LOAD /opt/st/stm32cubeide_1.15.0/plugins/com.st.stm32cube.ide.mcu.externaltools.gnu-tools-for-stm32.12.3.rel1.linux64_1.0.100.202403111256/tools/bin/../lib/gcc/arm-none-eabi/12.3.1/../../../../arm-none-eabi/lib/thumb/v7e-m/nofp/crt0.o
LOAD ./Src/itm.o
LOAD ./Src/lcd.o
LOAD ./Src/main.o
LOAD ./Src/syscalls.o
LOAD ./Src/sysmem.o
LOAD ./Src/system_stm32f4xx.o
LOAD ./Startup/startup_stm32g473qetx.o
START GROUP
LOAD /opt/st/stm32cubeide_1.15.0/plugins/com.st.stm32cube.ide.mcu.externaltools.gnu-tools-for-stm32.12.3.rel1.linux64_1.0.100.202403111256/tools/bin/../lib/gcc/arm-none-eabi/12.3.1/../../../../arm-none-eabi/lib/thumb/v7e-m/nofp/libc_nano.a
LOAD /opt/st/stm32cubeide_1.15.0/plugins/com.st.stm32cube.ide.mcu.externaltools.gnu-tools-for-stm32.12.3.rel1.linux64_1.0.100.202403111256/tools/bin/../lib/gcc/arm-none-eabi/12.3.1/../../../../arm-none-eabi/lib/thumb/v7e-m/nofp/libm.a
END GROUP
START GROUP
LOAD /opt/st/stm32cubeide_1.15.0/plugins/com.st.stm32cube.ide.mcu.externaltools.gnu-tools-for-stm32.12.3.rel1.linux64_1.0.100.202403111256/tools/bin/../lib/gcc/arm-none-eabi/12.3.1/thumb/v7e-m/nofp/libgcc.a
LOAD /opt/st/stm32cubeide_1.15.0/plugins/com.st.stm32cube.ide.mcu.externaltools.gnu-tools-for-stm32.12.3.rel1.linux64_1.0.100.202403111256/tools/bin/../lib/gcc/arm-none-eabi/12.3.1/../../../../arm-none-eabi/lib/thumb/v7e-m/nofp/libc_nano.a
END GROUP
START GROUP
LOAD /opt/st/stm32cubeide_1.15.0/plugins/com.st.stm32cube.ide.mcu.externaltools.gnu-tools-for-stm32.12.3.rel1.linux64_1.0.100.202403111256/tools/bin/../lib/gcc/arm-none-eabi/12.3.1/thumb/v7e-m/nofp/libgcc.a
LOAD /opt/st/stm32cubeide_1.15.0/plugins/com.st.stm32cube.ide.mcu.externaltools.gnu-tools-for-stm32.12.3.rel1.linux64_1.0.100.202403111256/tools/bin/../lib/gcc/arm-none-eabi/12.3.1/../../../../arm-none-eabi/lib/thumb/v7e-m/nofp/libc_nano.a
LOAD /opt/st/stm32cubeide_1.15.0/plugins/com.st.stm32cube.ide.mcu.externaltools.gnu-tools-for-stm32.12.3.rel1.linux64_1.0.100.202403111256/tools/bin/../lib/gcc/arm-none-eabi/12.3.1/../../../../arm-none-eabi/lib/thumb/v7e-m/nofp/libnosys.a
END GROUP
START GROUP
LOAD /opt/st/stm32cubeide_1.15.0/plugins/com.st.stm32cube.ide.mcu.externaltools.gnu-tools-for-stm32.12.3.rel1.linux64_1.0.100.202403111256/tools/bin/../lib/gcc/arm-none-eabi/12.3.1/thumb/v7e-m/nofp/libgcc.a
LOAD /opt/st/stm32cubeide_1.15.0/plugins/com.st.stm32cube.ide.mcu.externaltools.gnu-tools-for-stm32.12.3.rel1.linux64_1.0.100.202403111256/tools/bin/../lib/gcc/arm-none-eabi/12.3.1/../../../../arm-none-eabi/lib/thumb/v7e-m/nofp/libc_nano.a
LOAD /opt/st/stm32cubeide_1.15.0/plugins/com.st.stm32cube.ide.mcu.externaltools.gnu-tools-for-stm32.12.3.rel1.linux64_1.0.100.202403111256/tools/bin/../lib/gcc/arm-none-eabi/12.3.1/../../../../arm-none-eabi/lib/thumb/v7e-m/nofp/libnosys.a
END GROUP
LOAD /opt/st/stm32cubeide_1.15.0/plugins/com.st.stm32cube.ide.mcu.externaltools.gnu-tools-for-stm32.12.3.rel1.linux64_1.0.100.202403111256/tools/bin/../lib/gcc/arm-none-eabi/12.3.1/thumb/v7e-m/nofp/crtend.o
LOAD /opt/st/stm32cubeide_1.15.0/plugins/com.st.stm32cube.ide.mcu.externaltools.gnu-tools-for-stm32.12.3.rel1.linux64_1.0.100.202403111256/tools/bin/../lib/gcc/arm-none-eabi/12.3.1/thumb/v7e-m/nofp/crtn.o
                0x20020000                        _estack = (ORIGIN (RAM) + LENGTH (RAM))
                0x00000200                        _Min_Heap_Size = 0x200
                0x00000400                        _Min_Stack_Size = 0x400

.isr_vector     0x08000000      0x1d8
                0x08000000                        . = ALIGN (0x4)
 *(.isr_vector)
 .isr_vector    0x08000000      0x1d8 ./Startup/startup_stm32g473qetx.o
                0x08000000                g_pfnVectors
                0x080001d8                        . = ALIGN (0x4)

.text           0x080001d8      0x470
                0x080001d8                        . = ALIGN (0x4)
 *(.text)
 .text          0x080001d8       0x40 /opt/st/stm32cubeide_1.15.0/plugins/com.st.stm32cube.ide.mcu.externaltools.gnu-tools-for-stm32.12.3.rel1.linux64_1.0.100.202403111256/tools/bin/../lib/gcc/arm-none-eabi/12.3.1/thumb/v7e-m/nofp/crtbegin.o
 *(.text*)
 .text.DelayMs  0x08000218       0x50 ./Src/lcd.o
 .text.LcdBusyWait
                0x08000268       0x48 ./Src/lcd.o
                0x08000268                LcdBusyWait
 .text.LcdWriteNibble
                0x080002b0       0x64 ./Src/lcd.o
                0x080002b0                LcdWriteNibble
 .text.LcdWrite
                0x08000314       0x48 ./Src/lcd.o
                0x08000314                LcdWrite
 .text.LcdInit  0x0800035c       0xec ./Src/lcd.o
                0x0800035c                LcdInit
 .text.LcdPuts  0x08000448       0x48 ./Src/lcd.o
                0x08000448                LcdPuts
 .text.DelayMs  0x08000490       0x50 ./Src/main.o
 .text.main     0x080004e0       0x48 ./Src/main.o
                0x080004e0                main
 .text.SystemInit
                0x08000528        0xc ./Src/system_stm32f4xx.o
                0x08000528                SystemInit
 .text.DWT_Init
                0x08000534       0x60 ./Src/system_stm32f4xx.o
                0x08000534                DWT_Init
 .text.Reset_Handler
                0x08000594       0x50 ./Startup/startup_stm32g473qetx.o
                0x08000594                Reset_Handler
 .text.Default_Handler
                0x080005e4        0x2 ./Startup/startup_stm32g473qetx.o
                0x080005e4                EXTI2_IRQHandler
                0x080005e4                TIM8_TRG_COM_IRQHandler
                0x080005e4                TIM8_CC_IRQHandler
                0x080005e4                DMA2_CH8_IRQHandler
                0x080005e4                DebugMon_Handler
                0x080005e4                DMA1_CH4_IRQHandler
                0x080005e4                SPI4_IRQHandler
                0x080005e4                FDCAN3_IT0_IRQHandler
                0x080005e4                TIM1_CC_IRQHandler
                0x080005e4                Cordic_IRQHandler
                0x080005e4                HardFault_Handler
                0x080005e4                USB_HP_IRQHandler
                0x080005e4                SysTick_Handler
                0x080005e4                PendSV_Handler
                0x080005e4                NMI_Handler
                0x080005e4                EXTI3_IRQHandler
                0x080005e4                I2C3_ER_IRQHandler
                0x080005e4                DMA1_CH8_IRQHandler
                0x080005e4                TIM6_DACUNDER_IRQHandler
                0x080005e4                EXTI0_IRQHandler
                0x080005e4                I2C2_EV_IRQHandler
                0x080005e4                DMA2_CH1_IRQHandler
                0x080005e4                FPU_IRQHandler
                0x080005e4                FDCAN1_IT1_IRQHandler
                0x080005e4                TIM1_UP_TIM16_IRQHandler
                0x080005e4                DMA2_CH7_IRQHandler
                0x080005e4                UsageFault_Handler
                0x080005e4                ADC1_2_IRQHandler
                0x080005e4                SPI1_IRQHandler
                0x080005e4                DMA1_CH7_IRQHandler
                0x080005e4                TIM8_UP_IRQHandler
                0x080005e4                USBWakeUP_IRQHandler
                0x080005e4                RTC_ALARM_IRQHandler
                0x080005e4                DMA1_CH6_IRQHandler
                0x080005e4                TIM20_TRG_COM_IRQHandler
                0x080005e4                USART3_IRQHandler
                0x080005e4                LPUART_IRQHandler
                0x080005e4                UART5_IRQHandler
                0x080005e4                ADC3_IRQHandler
                0x080005e4                TIM4_IRQHandler
                0x080005e4                QUADSPI_IRQHandler
                0x080005e4                I2C1_EV_IRQHandler
                0x080005e4                DMA2_CH5_IRQHandler
                0x080005e4                UART4_IRQHandler
                0x080005e4                DMA1_CH3_IRQHandler
                0x080005e4                TIM3_IRQHandler
                0x080005e4                RCC_IRQHandler
                0x080005e4                TIM20_UP_IRQHandler
                0x080005e4                TIM1_TRG_COM_IRQHandler
                0x080005e4                Default_Handler
                0x080005e4                FMAC_IRQHandler
                0x080005e4                EXTI15_10_IRQHandler
                0x080005e4                TIM7_IRQHandler
                0x080005e4                FDCAN3_IT1_IRQHandler
                0x080005e4                TIM5_IRQHandler
                0x080005e4                UCPD1_IRQHandler
                0x080005e4                I2C3_EV_IRQHandler
                0x080005e4                EXTI9_5_IRQHandler
                0x080005e4                DMA1_CH2_IRQHandler
                0x080005e4                RTC_WKUP_IRQHandler
                0x080005e4                SAI_IRQHandler
                0x080005e4                PVD_PVM_IRQHandler
                0x080005e4                SPI2_IRQHandler
                0x080005e4                DMA1_CH1_IRQHandler
                0x080005e4                MemManage_Handler
                0x080005e4                ADC5_IRQHandler
                0x080005e4                SVC_Handler
                0x080005e4                CRS_IRQHandler
                0x080005e4                USB_LP_IRQHandler
                0x080005e4                EXTI4_IRQHandler
                0x080005e4                RNG_IRQHandler
                0x080005e4                FDCAN2_IT1_IRQHandler
                0x080005e4                ADC4_IRQHandler
                0x080005e4                WWDG_IRQHandler
                0x080005e4                I2C4_EV_IRQHandler
                0x080005e4                FDCAN2_IT0_IRQHandler
                0x080005e4                FDCAN1_IT0_IRQHandler
                0x080005e4                TIM2_IRQHandler
                0x080005e4                COMP7_IRQHandler
                0x080005e4                COMP1_2_3_IRQHandler
                0x080005e4                EXTI1_IRQHandler
                0x080005e4                AES_IRQHandler
                0x080005e4                USART2_IRQHandler
                0x080005e4                COMP4_5_6_IRQHandler
                0x080005e4                TIM20_BRK_IRQHandler
                0x080005e4                I2C2_ER_IRQHandler
                0x080005e4                TIM8_BRK_IRQHandler
                0x080005e4                FLASH_IRQHandler
                0x080005e4                TIM20_CC_IRQHandler
                0x080005e4                BusFault_Handler
                0x080005e4                USART1_IRQHandler
                0x080005e4                SPI3_IRQHandler
                0x080005e4                DMA2_CH6_IRQHandler
                0x080005e4                DMA2_CH3_IRQHandler
                0x080005e4                DMA2_CH2_IRQHandler
                0x080005e4                I2C1_ER_IRQHandler
                0x080005e4                FMC_IRQHandler
                0x080005e4                DMA1_CH5_IRQHandler
                0x080005e4                DMA2_CH4_IRQHandler
                0x080005e4                LPTIM1_IRQHandler
                0x080005e4                DMAMUX_OVR_IRQHandler
                0x080005e4                I2C4_ER_IRQHandler
                0x080005e4                RTC_TAMP_CSS_LSE_IRQHandler
                0x080005e4                TIM1_BRK_TIM15_IRQHandler
 *fill*         0x080005e6        0x2 
 .text.__libc_init_array
                0x080005e8       0x48 /opt/st/stm32cubeide_1.15.0/plugins/com.st.stm32cube.ide.mcu.externaltools.gnu-tools-for-stm32.12.3.rel1.linux64_1.0.100.202403111256/tools/bin/../lib/gcc/arm-none-eabi/12.3.1/../../../../arm-none-eabi/lib/thumb/v7e-m/nofp/libc_nano.a(libc_a-init.o)
                0x080005e8                __libc_init_array
 *(.glue_7)
 .glue_7        0x08000630        0x0 linker stubs
 *(.glue_7t)
 .glue_7t       0x08000630        0x0 linker stubs
 *(.eh_frame)
 .eh_frame      0x08000630        0x0 /opt/st/stm32cubeide_1.15.0/plugins/com.st.stm32cube.ide.mcu.externaltools.gnu-tools-for-stm32.12.3.rel1.linux64_1.0.100.202403111256/tools/bin/../lib/gcc/arm-none-eabi/12.3.1/thumb/v7e-m/nofp/crtbegin.o
 *(.init)
 .init          0x08000630        0x4 /opt/st/stm32cubeide_1.15.0/plugins/com.st.stm32cube.ide.mcu.externaltools.gnu-tools-for-stm32.12.3.rel1.linux64_1.0.100.202403111256/tools/bin/../lib/gcc/arm-none-eabi/12.3.1/thumb/v7e-m/nofp/crti.o
                0x08000630                _init
 .init          0x08000634        0x8 /opt/st/stm32cubeide_1.15.0/plugins/com.st.stm32cube.ide.mcu.externaltools.gnu-tools-for-stm32.12.3.rel1.linux64_1.0.100.202403111256/tools/bin/../lib/gcc/arm-none-eabi/12.3.1/thumb/v7e-m/nofp/crtn.o
 *(.fini)
 .fini          0x0800063c        0x4 /opt/st/stm32cubeide_1.15.0/plugins/com.st.stm32cube.ide.mcu.externaltools.gnu-tools-for-stm32.12.3.rel1.linux64_1.0.100.202403111256/tools/bin/../lib/gcc/arm-none-eabi/12.3.1/thumb/v7e-m/nofp/crti.o
                0x0800063c                _fini
 .fini          0x08000640        0x8 /opt/st/stm32cubeide_1.15.0/plugins/com.st.stm32cube.ide.mcu.externaltools.gnu-tools-for-stm32.12.3.rel1.linux64_1.0.100.202403111256/tools/bin/../lib/gcc/arm-none-eabi/12.3.1/thumb/v7e-m/nofp/crtn.o
                0x08000648                        . = ALIGN (0x4)
                0x08000648                        _etext = .

.vfp11_veneer   0x08000648        0x0
 .vfp11_veneer  0x08000648        0x0 linker stubs

.v4_bx          0x08000648        0x0
 .v4_bx         0x08000648        0x0 linker stubs

.iplt           0x08000648        0x0
 .iplt          0x08000648        0x0 /opt/st/stm32cubeide_1.15.0/plugins/com.st.stm32cube.ide.mcu.externaltools.gnu-tools-for-stm32.12.3.rel1.linux64_1.0.100.202403111256/tools/bin/../lib/gcc/arm-none-eabi/12.3.1/thumb/v7e-m/nofp/crtbegin.o

.rodata         0x08000648       0x18
                0x08000648                        . = ALIGN (0x4)
 *(.rodata)
 .rodata        0x08000648       0x15 ./Src/main.o
 *(.rodata*)
                0x08000660                        . = ALIGN (0x4)
 *fill*         0x0800065d        0x3 

.ARM.extab      0x08000660        0x0
                0x08000660                        . = ALIGN (0x4)
 *(.ARM.extab* .gnu.linkonce.armextab.*)
                0x08000660                        . = ALIGN (0x4)

.ARM            0x08000660        0x0
                0x08000660                        . = ALIGN (0x4)
                0x08000660                        __exidx_start = .
 *(.ARM.exidx*)
                0x08000660                        __exidx_end = .
                0x08000660                        . = ALIGN (0x4)

.preinit_array  0x08000660        0x0
                0x08000660                        . = ALIGN (0x4)
                0x08000660                        PROVIDE (__preinit_array_start = .)
 *(.preinit_array*)
                0x08000660                        PROVIDE (__preinit_array_end = .)
                0x08000660                        . = ALIGN (0x4)

.init_array     0x08000660        0x4
                0x08000660                        . = ALIGN (0x4)
                0x08000660                        PROVIDE (__init_array_start = .)
 *(SORT_BY_NAME(.init_array.*))
 *(.init_array*)
 .init_array    0x08000660        0x4 /opt/st/stm32cubeide_1.15.0/plugins/com.st.stm32cube.ide.mcu.externaltools.gnu-tools-for-stm32.12.3.rel1.linux64_1.0.100.202403111256/tools/bin/../lib/gcc/arm-none-eabi/12.3.1/thumb/v7e-m/nofp/crtbegin.o
                0x08000664                        PROVIDE (__init_array_end = .)
                0x08000664                        . = ALIGN (0x4)

.fini_array     0x08000664        0x4
                0x08000664                        . = ALIGN (0x4)
                [!provide]                        PROVIDE (__fini_array_start = .)
 *(SORT_BY_NAME(.fini_array.*))
 *(.fini_array*)
 .fini_array    0x08000664        0x4 /opt/st/stm32cubeide_1.15.0/plugins/com.st.stm32cube.ide.mcu.externaltools.gnu-tools-for-stm32.12.3.rel1.linux64_1.0.100.202403111256/tools/bin/../lib/gcc/arm-none-eabi/12.3.1/thumb/v7e-m/nofp/crtbegin.o
                [!provide]                        PROVIDE (__fini_array_end = .)
                0x08000668                        . = ALIGN (0x4)
                0x08000668                        _sidata = LOADADDR (.data)

.rel.dyn        0x08000668        0x0
 .rel.iplt      0x08000668        0x0 /opt/st/stm32cubeide_1.15.0/plugins/com.st.stm32cube.ide.mcu.externaltools.gnu-tools-for-stm32.12.3.rel1.linux64_1.0.100.202403111256/tools/bin/../lib/gcc/arm-none-eabi/12.3.1/thumb/v7e-m/nofp/crtbegin.o

.data           0x20000000        0x4 load address 0x08000668
                0x20000000                        . = ALIGN (0x4)
                0x20000000                        _sdata = .
 *(.data)
 *(.data*)
 .data.SystemCoreClock
                0x20000000        0x4 ./Src/system_stm32f4xx.o
                0x20000000                SystemCoreClock
 *(.RamFunc)
 *(.RamFunc*)
                0x20000004                        . = ALIGN (0x4)
                0x20000004                        _edata = .
                0x0800066c                        _siccmsram = LOADADDR (.ccmsram)

.igot.plt       0x20000004        0x0 load address 0x0800066c
 .igot.plt      0x20000004        0x0 /opt/st/stm32cubeide_1.15.0/plugins/com.st.stm32cube.ide.mcu.externaltools.gnu-tools-for-stm32.12.3.rel1.linux64_1.0.100.202403111256/tools/bin/../lib/gcc/arm-none-eabi/12.3.1/thumb/v7e-m/nofp/crtbegin.o

.ccmsram        0x10000000        0x0 load address 0x0800066c
                0x10000000                        . = ALIGN (0x4)
                0x10000000                        _sccmsram = .
 *(.ccmsram)
 *(.ccmsram*)
                0x10000000                        . = ALIGN (0x4)
                0x10000000                        _eccmsram = .
                0x10000000                        . = ALIGN (0x4)

.bss            0x20000004       0x1c
                0x20000004                        _sbss = .
                0x20000004                        __bss_start__ = _sbss
 *(.bss)
 .bss           0x20000004       0x1c /opt/st/stm32cubeide_1.15.0/plugins/com.st.stm32cube.ide.mcu.externaltools.gnu-tools-for-stm32.12.3.rel1.linux64_1.0.100.202403111256/tools/bin/../lib/gcc/arm-none-eabi/12.3.1/thumb/v7e-m/nofp/crtbegin.o
 *(.bss*)
 *(COMMON)
                0x20000020                        . = ALIGN (0x4)
                0x20000020                        _ebss = .
                0x20000020                        __bss_end__ = _ebss

._user_heap_stack
                0x20000020      0x600
                0x20000020                        . = ALIGN (0x8)
                [!provide]                        PROVIDE (end = .)
                0x20000020                        PROVIDE (_end = .)
                0x20000220                        . = (. + _Min_Heap_Size)
 *fill*         0x20000020      0x200 
                0x20000620                        . = (. + _Min_Stack_Size)
 *fill*         0x20000220      0x400 
                0x20000620                        . = ALIGN (0x8)

/DISCARD/
 libc.a(*)
 libm.a(*)
 libgcc.a(*)

.ARM.attributes
                0x00000000       0x2a
 *(.ARM.attributes)
 .ARM.attributes
                0x00000000       0x1e /opt/st/stm32cubeide_1.15.0/plugins/com.st.stm32cube.ide.mcu.externaltools.gnu-tools-for-stm32.12.3.rel1.linux64_1.0.100.202403111256/tools/bin/../lib/gcc/arm-none-eabi/12.3.1/thumb/v7e-m/nofp/crti.o
 .ARM.attributes
                0x0000001e       0x2e /opt/st/stm32cubeide_1.15.0/plugins/com.st.stm32cube.ide.mcu.externaltools.gnu-tools-for-stm32.12.3.rel1.linux64_1.0.100.202403111256/tools/bin/../lib/gcc/arm-none-eabi/12.3.1/thumb/v7e-m/nofp/crtbegin.o
 .ARM.attributes
                0x0000004c       0x2e ./Src/lcd.o
 .ARM.attributes
                0x0000007a       0x2e ./Src/main.o
 .ARM.attributes
                0x000000a8       0x2e ./Src/system_stm32f4xx.o
 .ARM.attributes
                0x000000d6       0x21 ./Startup/startup_stm32g473qetx.o
 .ARM.attributes
                0x000000f7       0x2e /opt/st/stm32cubeide_1.15.0/plugins/com.st.stm32cube.ide.mcu.externaltools.gnu-tools-for-stm32.12.3.rel1.linux64_1.0.100.202403111256/tools/bin/../lib/gcc/arm-none-eabi/12.3.1/../../../../arm-none-eabi/lib/thumb/v7e-m/nofp/libc_nano.a(libc_a-init.o)
 .ARM.attributes
                0x00000125       0x1e /opt/st/stm32cubeide_1.15.0/plugins/com.st.stm32cube.ide.mcu.externaltools.gnu-tools-for-stm32.12.3.rel1.linux64_1.0.100.202403111256/tools/bin/../lib/gcc/arm-none-eabi/12.3.1/thumb/v7e-m/nofp/crtn.o
OUTPUT(day04_lcd.elf elf32-littlearm)
LOAD linker stubs
LOAD /opt/st/stm32cubeide_1.15.0/plugins/com.st.stm32cube.ide.mcu.externaltools.gnu-tools-for-stm32.12.3.rel1.linux64_1.0.100.202403111256/tools/bin/../lib/gcc/arm-none-eabi/12.3.1/../../../../arm-none-eabi/lib/thumb/v7e-m/nofp/libc.a
LOAD /opt/st/stm32cubeide_1.15.0/plugins/com.st.stm32cube.ide.mcu.externaltools.gnu-tools-for-stm32.12.3.rel1.linux64_1.0.100.202403111256/tools/bin/../lib/gcc/arm-none-eabi/12.3.1/../../../../arm-none-eabi/lib/thumb/v7e-m/nofp/libm.a
LOAD /opt/st/stm32cubeide_1.15.0/plugins/com.st.stm32cube.ide.mcu.externaltools.gnu-tools-for-stm32.12.3.rel1.linux64_1.0.100.202403111256/tools/bin/../lib/gcc/arm-none-eabi/12.3.1/thumb/v7e-m/nofp/libgcc.a

.debug_info     0x00000000      0xde6
 .debug_info    0x00000000      0x5cc ./Src/lcd.o
 .debug_info    0x000005cc      0x2ae ./Src/main.o
 .debug_info    0x0000087a      0x53c ./Src/system_stm32f4xx.o
 .debug_info    0x00000db6       0x30 ./Startup/startup_stm32g473qetx.o

.debug_abbrev   0x00000000      0x42e
 .debug_abbrev  0x00000000      0x167 ./Src/lcd.o
 .debug_abbrev  0x00000167      0x14b ./Src/main.o
 .debug_abbrev  0x000002b2      0x158 ./Src/system_stm32f4xx.o
 .debug_abbrev  0x0000040a       0x24 ./Startup/startup_stm32g473qetx.o

.debug_aranges  0x00000000       0xd0
 .debug_aranges
                0x00000000       0x48 ./Src/lcd.o
 .debug_aranges
                0x00000048       0x28 ./Src/main.o
 .debug_aranges
                0x00000070       0x38 ./Src/system_stm32f4xx.o
 .debug_aranges
                0x000000a8       0x28 ./Startup/startup_stm32g473qetx.o

.debug_rnglists
                0x00000000       0x8a
 .debug_rnglists
                0x00000000       0x32 ./Src/lcd.o
 .debug_rnglists
                0x00000032       0x19 ./Src/main.o
 .debug_rnglists
                0x0000004b       0x26 ./Src/system_stm32f4xx.o
 .debug_rnglists
                0x00000071       0x19 ./Startup/startup_stm32g473qetx.o

.debug_macro    0x00000000    0x18042
 .debug_macro   0x00000000       0xdc ./Src/lcd.o
 .debug_macro   0x000000dc       0x34 ./Src/lcd.o
 .debug_macro   0x00000110       0x2f ./Src/lcd.o
 .debug_macro   0x0000013f       0x1c ./Src/lcd.o
 .debug_macro   0x0000015b       0x22 ./Src/lcd.o
 .debug_macro   0x0000017d       0xd9 ./Src/lcd.o
 .debug_macro   0x00000256     0x102d ./Src/lcd.o
 .debug_macro   0x00001283      0x11f ./Src/lcd.o
 .debug_macro   0x000013a2       0x11 ./Src/lcd.o
 .debug_macro   0x000013b3    0x15e3c ./Src/lcd.o
 .debug_macro   0x000171ef       0x4a ./Src/lcd.o
 .debug_macro   0x00017239       0xac ./Src/lcd.o
 .debug_macro   0x000172e5      0x1c1 ./Src/main.o
 .debug_macro   0x000174a6       0x61 ./Src/main.o
 .debug_macro   0x00017507       0x24 ./Src/main.o
 .debug_macro   0x0001752b       0x43 ./Src/main.o
 .debug_macro   0x0001756e       0x34 ./Src/main.o
 .debug_macro   0x000175a2       0x16 ./Src/main.o
 .debug_macro   0x000175b8       0x9e ./Src/main.o
 .debug_macro   0x00017656      0x369 ./Src/main.o
 .debug_macro   0x000179bf      0x10b ./Src/main.o
 .debug_macro   0x00017aca       0x10 ./Src/main.o
 .debug_macro   0x00017ada       0x16 ./Src/main.o
 .debug_macro   0x00017af0       0x43 ./Src/main.o
 .debug_macro   0x00017b33       0x34 ./Src/main.o
 .debug_macro   0x00017b67       0x10 ./Src/main.o
 .debug_macro   0x00017b77       0x58 ./Src/main.o
 .debug_macro   0x00017bcf       0x8e ./Src/main.o
 .debug_macro   0x00017c5d       0x1c ./Src/main.o
 .debug_macro   0x00017c79      0x177 ./Src/main.o
 .debug_macro   0x00017df0       0x16 ./Src/main.o
 .debug_macro   0x00017e06       0x16 ./Src/main.o
 .debug_macro   0x00017e1c      0x146 ./Src/main.o
 .debug_macro   0x00017f62       0xe0 ./Src/system_stm32f4xx.o

.debug_line     0x00000000     0x104e
 .debug_line    0x00000000      0x569 ./Src/lcd.o
 .debug_line    0x00000569      0x594 ./Src/main.o
 .debug_line    0x00000afd      0x4d6 ./Src/system_stm32f4xx.o
 .debug_line    0x00000fd3       0x7b ./Startup/startup_stm32g473qetx.o

.debug_str      0x00000000    0x8b8d2
 .debug_str     0x00000000    0x87dab ./Src/lcd.o
                              0x87f34 (size before relaxing)
 .debug_str     0x00087dab     0x39fa ./Src/main.o
                              0x8b868 (size before relaxing)
 .debug_str     0x0008b7a5       0xee ./Src/system_stm32f4xx.o
                              0x87dc2 (size before relaxing)
 .debug_str     0x0008b893       0x3f ./Startup/startup_stm32g473qetx.o
                                 0x7b (size before relaxing)

.comment        0x00000000       0x43
 .comment       0x00000000       0x43 ./Src/lcd.o
                                 0x44 (size before relaxing)
 .comment       0x00000043       0x44 ./Src/main.o
 .comment       0x00000043       0x44 ./Src/system_stm32f4xx.o

.debug_frame    0x00000000      0x1f0
 .debug_frame   0x00000000       0xe8 ./Src/lcd.o
 .debug_frame   0x000000e8       0x58 ./Src/main.o
 .debug_frame   0x00000140       0x84 ./Src/system_stm32f4xx.o
 .debug_frame   0x000001c4       0x2c /opt/st/stm32cubeide_1.15.0/plugins/com.st.stm32cube.ide.mcu.externaltools.gnu-tools-for-stm32.12.3.rel1.linux64_1.0.100.202403111256/tools/bin/../lib/gcc/arm-none-eabi/12.3.1/../../../../arm-none-eabi/lib/thumb/v7e-m/nofp/libc_nano.a(libc_a-init.o)

.debug_loclists
                0x00000000       0x1f
 .debug_loclists
                0x00000000       0x1f ./Src/system_stm32f4xx.o

.debug_line_str
                0x00000000       0x5f
 .debug_line_str
                0x00000000       0x5f ./Startup/startup_stm32g473qetx.o
